2026-09-01 01:24:17 [INFO] conftest: Creating APIClient (base_url=https://jsonplaceholder.typicode.com)
2026-09-01 01:24:17 [INFO] utils.api_client: → GET  https://jsonplaceholder.typicode.com/users/999999
2026-09-01 01:24:17 [DEBUG] urllib3.connectionpool: Starting new HTTPS connection (1): jsonplaceholder.typicode.com:443
2026-09-01 01:24:17 [DEBUG] urllib3.connectionpool: https://jsonplaceholder.typicode.com:443 "GET /users/999999 HTTP/1.1" 404 2
2026-09-01 01:24:17 [INFO] utils.api_client: ← 404  https://jsonplaceholder.typicode.com/users/999999  (528 ms)
2026-09-01 01:24:17 [WARNING] utils.api_client:    Response body: {}
2026-09-01 01:24:17 [INFO] api.test_negative: NEG-001 PASSED — /users/999999 returned 404.
2026-09-01 01:24:17 [INFO] utils.api_client: → GET  https://jsonplaceholder.typicode.com/users/abc
2026-09-01 01:24:17 [DEBUG] urllib3.connectionpool: https://jsonplaceholder.typicode.com:443 "GET /users/abc HTTP/1.1" 404 2
2026-09-01 01:24:17 [INFO] utils.api_client: ← 404  https://jsonplaceholder.typicode.com/users/abc  (121 ms)
2026-09-01 01:24:17 [WARNING] utils.api_client:    Response body: {}
2026-09-01 01:24:17 [INFO] api.test_negative: NEG-002 PASSED — /users/abc returned 404.
2026-09-01 01:24:17 [INFO] utils.api_client: → GET  https://jsonplaceholder.typicode.com/users/-1
2026-09-01 01:24:18 [DEBUG] urllib3.connectionpool: https://jsonplaceholder.typicode.com:443 "GET /users/-1 HTTP/1.1" 404 2
2026-09-01 01:24:18 [INFO] utils.api_client: ← 404  https://jsonplaceholder.typicode.com/users/-1  (117 ms)
2026-09-01 01:24:18 [WARNING] utils.api_client:    Response body: {}
2026-09-01 01:24:18 [INFO] api.test_negative: NEG-003 PASSED — /users/-1 returned 404.
2026-09-01 01:24:18 [INFO] utils.api_client: → GET  https://jsonplaceholder.typicode.com/users/0
2026-09-01 01:24:18 [DEBUG] urllib3.connectionpool: https://jsonplaceholder.typicode.com:443 "GET /users/0 HTTP/1.1" 404 2
2026-09-01 01:24:18 [INFO] utils.api_client: ← 404  https://jsonplaceholder.typicode.com/users/0  (114 ms)
2026-09-01 01:24:18 [WARNING] utils.api_client:    Response body: {}
2026-09-01 01:24:18 [INFO] api.test_negative: NEG-004 PASSED — /users/0 returned 404.
2026-09-01 01:24:18 [INFO] utils.api_client: → GET  https://jsonplaceholder.typicode.com/nonexistent
2026-09-01 01:24:18 [DEBUG] urllib3.connectionpool: https://jsonplaceholder.typicode.com:443 "GET /nonexistent HTTP/1.1" 404 2
2026-09-01 01:24:18 [INFO] utils.api_client: ← 404  https://jsonplaceholder.typicode.com/nonexistent  (115 ms)
2026-09-01 01:24:18 [WARNING] utils.api_client:    Response body: {}
2026-09-01 01:24:18 [INFO] api.test_negative: NEG-005 PASSED — /nonexistent returned 404.
2026-09-01 01:24:18 [INFO] utils.api_client: → GET  https://jsonplaceholder.typicode.com/posts/999999
2026-09-01 01:24:18 [DEBUG] urllib3.connectionpool: https://jsonplaceholder.typicode.com:443 "GET /posts/999999 HTTP/1.1" 404 2
2026-09-01 01:24:18 [INFO] utils.api_client: ← 404  https://jsonplaceholder.typicode.com/posts/999999  (115 ms)
2026-09-01 01:24:18 [WARNING] utils.api_client:    Response body: {}
2026-09-01 01:24:18 [INFO] api.test_negative: NEG-006 PASSED — /posts/999999 returned 404.
2026-09-01 01:24:18 [INFO] utils.api_client: → GET  https://jsonplaceholder.typicode.com/users/0
2026-09-01 01:24:18 [DEBUG] urllib3.connectionpool: https://jsonplaceholder.typicode.com:443 "GET /users/0 HTTP/1.1" 404 2
2026-09-01 01:24:18 [INFO] utils.api_client: ← 404  https://jsonplaceholder.typicode.com/users/0  (114 ms)
2026-09-01 01:24:18 [WARNING] utils.api_client:    Response body: {}
2026-09-01 01:24:18 [INFO] api.test_negative: NEG-007 PASSED — /users/0 returned 404.
2026-09-01 01:24:18 [INFO] utils.api_client: → GET  https://jsonplaceholder.typicode.com/users/-1
2026-09-01 01:24:18 [DEBUG] urllib3.connectionpool: https://jsonplaceholder.typicode.com:443 "GET /users/-1 HTTP/1.1" 404 2
2026-09-01 01:24:18 [INFO] utils.api_client: ← 404  https://jsonplaceholder.typicode.com/users/-1  (115 ms)
2026-09-01 01:24:18 [WARNING] utils.api_client:    Response body: {}
2026-09-01 01:24:18 [INFO] api.test_negative: NEG-007 PASSED — /users/-1 returned 404.
2026-09-01 01:24:18 [INFO] utils.api_client: → GET  https://jsonplaceholder.typicode.com/users/999999
2026-09-01 01:24:18 [DEBUG] urllib3.connectionpool: https://jsonplaceholder.typicode.com:443 "GET /users/999999 HTTP/1.1" 404 2
2026-09-01 01:24:18 [INFO] utils.api_client: ← 404  https://jsonplaceholder.typicode.com/users/999999  (118 ms)
2026-09-01 01:24:18 [WARNING] utils.api_client:    Response body: {}
2026-09-01 01:24:18 [INFO] api.test_negative: NEG-007 PASSED — /users/999999 returned 404.
2026-09-01 01:24:18 [INFO] utils.api_client: → GET  https://jsonplaceholder.typicode.com/users/9999999
2026-09-01 01:24:18 [DEBUG] urllib3.connectionpool: https://jsonplaceholder.typicode.com:443 "GET /users/9999999 HTTP/1.1" 404 2
2026-09-01 01:24:18 [INFO] utils.api_client: ← 404  https://jsonplaceholder.typicode.com/users/9999999  (115 ms)
2026-09-01 01:24:18 [WARNING] utils.api_client:    Response body: {}
2026-09-01 01:24:18 [INFO] api.test_negative: NEG-007 PASSED — /users/9999999 returned 404.
2026-09-01 01:24:18 [INFO] utils.api_client: → GET  https://jsonplaceholder.typicode.com/users/2147483647
2026-09-01 01:24:19 [DEBUG] urllib3.connectionpool: https://jsonplaceholder.typicode.com:443 "GET /users/2147483647 HTTP/1.1" 404 2
2026-09-01 01:24:19 [INFO] utils.api_client: ← 404  https://jsonplaceholder.typicode.com/users/2147483647  (116 ms)
2026-09-01 01:24:19 [WARNING] utils.api_client:    Response body: {}
2026-09-01 01:24:19 [INFO] api.test_negative: NEG-008 PASSED — /users/2147483647 returned 404.
2026-09-01 01:24:19 [INFO] utils.api_client: → POST  https://jsonplaceholder.typicode.com/posts
2026-09-01 01:24:19 [DEBUG] urllib3.connectionpool: https://jsonplaceholder.typicode.com:443 "POST /posts HTTP/1.1" 201 15
2026-09-01 01:24:19 [INFO] utils.api_client: ← 201  https://jsonplaceholder.typicode.com/posts  (343 ms)
2026-09-01 01:24:19 [INFO] api.test_negative: NEG-009 PASSED — POST /posts with empty body returned 201.
2026-09-01 01:24:19 [INFO] utils.api_client: → DELETE  https://jsonplaceholder.typicode.com/posts/999999
2026-09-01 01:24:19 [DEBUG] urllib3.connectionpool: https://jsonplaceholder.typicode.com:443 "DELETE /posts/999999 HTTP/1.1" 200 2
2026-09-01 01:24:19 [INFO] utils.api_client: ← 200  https://jsonplaceholder.typicode.com/posts/999999  (344 ms)
2026-09-01 01:24:19 [INFO] api.test_negative: NEG-010 PASSED — DELETE /posts/999999 returned 200.
2026-09-01 01:24:19 [INFO] utils.api_client: → GET  https://jsonplaceholder.typicode.com/users
2026-09-01 01:24:19 [DEBUG] urllib3.connectionpool: https://jsonplaceholder.typicode.com:443 "GET /users HTTP/1.1" 200 1847
2026-09-01 01:24:19 [INFO] utils.api_client: ← 200  https://jsonplaceholder.typicode.com/users  (115 ms)
2026-09-01 01:24:19 [INFO] api.test_users: test_get_all_users PASSED — 10 users returned.
2026-09-01 01:24:19 [INFO] utils.api_client: → GET  https://jsonplaceholder.typicode.com/users/1
2026-09-01 01:24:19 [DEBUG] urllib3.connectionpool: https://jsonplaceholder.typicode.com:443 "GET /users/1 HTTP/1.1" 200 None
2026-09-01 01:24:19 [INFO] utils.api_client: ← 200  https://jsonplaceholder.typicode.com/users/1  (115 ms)
2026-09-01 01:24:19 [INFO] api.test_users: test_get_single_user PASSED — user id=1
2026-09-01 01:24:19 [INFO] utils.api_client: → GET  https://jsonplaceholder.typicode.com/users/1
2026-09-01 01:24:20 [DEBUG] urllib3.connectionpool: https://jsonplaceholder.typicode.com:443 "GET /users/1 HTTP/1.1" 200 None
2026-09-01 01:24:20 [INFO] utils.api_client: ← 200  https://jsonplaceholder.typicode.com/users/1  (119 ms)
2026-09-01 01:24:20 [INFO] api.test_users: test_user_required_fields PASSED — all fields present.
2026-09-01 01:24:20 [INFO] utils.api_client: → GET  https://jsonplaceholder.typicode.com/users/1
2026-09-01 01:24:20 [DEBUG] urllib3.connectionpool: https://jsonplaceholder.typicode.com:443 "GET /users/1 HTTP/1.1" 200 None
2026-09-01 01:24:20 [INFO] utils.api_client: ← 200  https://jsonplaceholder.typicode.com/users/1  (117 ms)
2026-09-01 01:24:20 [INFO] api.test_users: test_user_response_time PASSED — response in 117 ms.
2026-09-01 01:24:20 [INFO] utils.api_client: → GET  https://jsonplaceholder.typicode.com/users/1
2026-09-01 01:24:20 [DEBUG] urllib3.connectionpool: https://jsonplaceholder.typicode.com:443 "GET /users/1 HTTP/1.1" 200 None
2026-09-01 01:24:20 [INFO] utils.api_client: ← 200  https://jsonplaceholder.typicode.com/users/1  (123 ms)
2026-09-01 01:24:20 [INFO] api.test_users: test_get_valid_user_parameterized PASSED — user_id=1
2026-09-01 01:24:20 [INFO] utils.api_client: → GET  https://jsonplaceholder.typicode.com/users/2
2026-09-01 01:24:20 [DEBUG] urllib3.connectionpool: https://jsonplaceholder.typicode.com:443 "GET /users/2 HTTP/1.1" 200 None
2026-09-01 01:24:20 [INFO] utils.api_client: ← 200  https://jsonplaceholder.typicode.com/users/2  (116 ms)
2026-09-01 01:24:20 [INFO] api.test_users: test_get_valid_user_parameterized PASSED — user_id=2
2026-09-01 01:24:20 [INFO] utils.api_client: → GET  https://jsonplaceholder.typicode.com/users/3
2026-09-01 01:24:20 [DEBUG] urllib3.connectionpool: https://jsonplaceholder.typicode.com:443 "GET /users/3 HTTP/1.1" 200 None
2026-09-01 01:24:20 [INFO] utils.api_client: ← 200  https://jsonplaceholder.typicode.com/users/3  (114 ms)
2026-09-01 01:24:20 [INFO] api.test_users: test_get_valid_user_parameterized PASSED — user_id=3
2026-09-01 01:24:20 [INFO] utils.api_client: → GET  https://jsonplaceholder.typicode.com/users/5
2026-09-01 01:24:20 [DEBUG] urllib3.connectionpool: https://jsonplaceholder.typicode.com:443 "GET /users/5 HTTP/1.1" 200 None
2026-09-01 01:24:20 [INFO] utils.api_client: ← 200  https://jsonplaceholder.typicode.com/users/5  (114 ms)
2026-09-01 01:24:20 [INFO] api.test_users: test_get_valid_user_parameterized PASSED — user_id=5
2026-09-01 01:24:20 [INFO] utils.api_client: → GET  https://jsonplaceholder.typicode.com/users/7
2026-09-01 01:24:20 [DEBUG] urllib3.connectionpool: https://jsonplaceholder.typicode.com:443 "GET /users/7 HTTP/1.1" 200 None
2026-09-01 01:24:20 [INFO] utils.api_client: ← 200  https://jsonplaceholder.typicode.com/users/7  (120 ms)
2026-09-01 01:24:20 [INFO] api.test_users: test_get_valid_user_parameterized PASSED — user_id=7
2026-09-01 01:24:20 [INFO] utils.api_client: → GET  https://jsonplaceholder.typicode.com/users/10
2026-09-01 01:24:20 [DEBUG] urllib3.connectionpool: https://jsonplaceholder.typicode.com:443 "GET /users/10 HTTP/1.1" 200 None
2026-09-01 01:24:20 [INFO] utils.api_client: ← 200  https://jsonplaceholder.typicode.com/users/10  (118 ms)
2026-09-01 01:24:20 [INFO] api.test_users: test_get_valid_user_parameterized PASSED — user_id=10
2026-09-01 01:24:20 [INFO] utils.api_client: → GET  https://jsonplaceholder.typicode.com/users/1
2026-09-01 01:24:21 [DEBUG] urllib3.connectionpool: https://jsonplaceholder.typicode.com:443 "GET /users/1 HTTP/1.1" 200 None
2026-09-01 01:24:21 [INFO] utils.api_client: ← 200  https://jsonplaceholder.typicode.com/users/1  (116 ms)
2026-09-01 01:24:21 [INFO] api.test_users: test_user_address_fields PASSED.
2026-09-01 01:24:21 [INFO] utils.api_client: → GET  https://jsonplaceholder.typicode.com/users/1
2026-09-01 01:24:21 [DEBUG] urllib3.connectionpool: https://jsonplaceholder.typicode.com:443 "GET /users/1 HTTP/1.1" 200 None
2026-09-01 01:24:21 [INFO] utils.api_client: ← 200  https://jsonplaceholder.typicode.com/users/1  (117 ms)
2026-09-01 01:24:21 [INFO] api.test_users: test_user_company_fields PASSED.
2026-09-01 01:24:21 [INFO] utils.api_client: → GET  https://jsonplaceholder.typicode.com/users/1/posts
2026-09-01 01:24:21 [DEBUG] urllib3.connectionpool: https://jsonplaceholder.typicode.com:443 "GET /users/1/posts HTTP/1.1" 200 1002
2026-09-01 01:24:21 [INFO] utils.api_client: ← 200  https://jsonplaceholder.typicode.com/users/1/posts  (120 ms)
2026-09-01 01:24:21 [INFO] api.test_users: test_get_user_posts PASSED — 10 posts returned.
2026-09-01 01:24:21 [INFO] utils.api_client: → GET  https://jsonplaceholder.typicode.com/users
2026-09-01 01:24:21 [DEBUG] urllib3.connectionpool: https://jsonplaceholder.typicode.com:443 "GET /users HTTP/1.1" 200 1847
2026-09-01 01:24:21 [INFO] utils.api_client: ← 200  https://jsonplaceholder.typicode.com/users  (114 ms)
2026-09-01 01:24:21 [INFO] api.test_validation: VAL-001 PASSED — all 10 users have required fields.
2026-09-01 01:24:21 [INFO] utils.api_client: → GET  https://jsonplaceholder.typicode.com/posts
2026-09-01 01:24:21 [DEBUG] urllib3.connectionpool: https://jsonplaceholder.typicode.com:443 "GET /posts HTTP/1.1" 200 None
2026-09-01 01:24:21 [INFO] utils.api_client: ← 200  https://jsonplaceholder.typicode.com/posts  (121 ms)
2026-09-01 01:24:21 [INFO] api.test_validation: VAL-002 PASSED — all 100 posts have required fields.
2026-09-01 01:24:21 [INFO] utils.api_client: → GET  https://jsonplaceholder.typicode.com/comments
2026-09-01 01:24:21 [DEBUG] urllib3.connectionpool: https://jsonplaceholder.typicode.com:443 "GET /comments HTTP/1.1" 200 None
2026-09-01 01:24:21 [INFO] utils.api_client: ← 200  https://jsonplaceholder.typicode.com/comments  (152 ms)
2026-09-01 01:24:21 [INFO] api.test_validation: VAL-003 PASSED — all 500 comments have required fields.
2026-09-01 01:24:21 [INFO] utils.api_client: → GET  https://jsonplaceholder.typicode.com/todos
2026-09-01 01:24:21 [DEBUG] urllib3.connectionpool: https://jsonplaceholder.typicode.com:443 "GET /todos HTTP/1.1" 200 4005
2026-09-01 01:24:21 [INFO] utils.api_client: ← 200  https://jsonplaceholder.typicode.com/todos  (115 ms)
2026-09-01 01:24:21 [INFO] api.test_validation: VAL-004 PASSED — all 200 todos have required fields.
2026-09-01 01:24:21 [INFO] utils.api_client: → GET  https://jsonplaceholder.typicode.com/users
2026-09-01 01:24:21 [DEBUG] urllib3.connectionpool: https://jsonplaceholder.typicode.com:443 "GET /users HTTP/1.1" 200 1847
2026-09-01 01:24:21 [INFO] utils.api_client: ← 200  https://jsonplaceholder.typicode.com/users  (115 ms)
2026-09-01 01:24:21 [INFO] api.test_validation: VAL-005 PASSED — all user emails are valid.
2026-09-01 01:24:21 [INFO] utils.api_client: → GET  https://jsonplaceholder.typicode.com/todos
2026-09-01 01:24:22 [DEBUG] urllib3.connectionpool: https://jsonplaceholder.typicode.com:443 "GET /todos HTTP/1.1" 200 4005
2026-09-01 01:24:22 [INFO] utils.api_client: ← 200  https://jsonplaceholder.typicode.com/todos  (117 ms)
2026-09-01 01:24:22 [INFO] api.test_validation: VAL-006 PASSED — all todo 'completed' fields are boolean.
2026-09-01 01:24:22 [INFO] utils.api_client: → GET  https://jsonplaceholder.typicode.com/posts/1
2026-09-01 01:24:22 [DEBUG] urllib3.connectionpool: https://jsonplaceholder.typicode.com:443 "GET /posts/1 HTTP/1.1" 200 None
2026-09-01 01:24:22 [INFO] utils.api_client: ← 200  https://jsonplaceholder.typicode.com/posts/1  (115 ms)
2026-09-01 01:24:22 [INFO] utils.api_client: → GET  https://jsonplaceholder.typicode.com/users/1
2026-09-01 01:24:22 [DEBUG] urllib3.connectionpool: https://jsonplaceholder.typicode.com:443 "GET /users/1 HTTP/1.1" 200 None
2026-09-01 01:24:22 [INFO] utils.api_client: ← 200  https://jsonplaceholder.typicode.com/users/1  (119 ms)
2026-09-01 01:24:22 [INFO] api.test_validation: VAL-007 PASSED — post userId=1 resolves to a valid user.
2026-09-01 01:24:22 [INFO] utils.api_client: → GET  https://jsonplaceholder.typicode.com/users/1
2026-09-01 01:24:22 [DEBUG] urllib3.connectionpool: https://jsonplaceholder.typicode.com:443 "GET /users/1 HTTP/1.1" 200 None
2026-09-01 01:24:22 [INFO] utils.api_client: ← 200  https://jsonplaceholder.typicode.com/users/1  (117 ms)
2026-09-01 01:24:22 [INFO] api.test_validation: VAL-008 PASSED — /users/1 returned 200.
2026-09-01 01:24:22 [INFO] utils.api_client: → GET  https://jsonplaceholder.typicode.com/users/10
2026-09-01 01:24:22 [DEBUG] urllib3.connectionpool: https://jsonplaceholder.typicode.com:443 "GET /users/10 HTTP/1.1" 200 None
2026-09-01 01:24:22 [INFO] utils.api_client: ← 200  https://jsonplaceholder.typicode.com/users/10  (120 ms)
2026-09-01 01:24:22 [INFO] api.test_validation: VAL-008 PASSED — /users/10 returned 200.
2026-09-01 01:24:22 [INFO] utils.api_client: → GET  https://jsonplaceholder.typicode.com/users/0
2026-09-01 01:24:22 [DEBUG] urllib3.connectionpool: https://jsonplaceholder.typicode.com:443 "GET /users/0 HTTP/1.1" 404 2
2026-09-01 01:24:22 [INFO] utils.api_client: ← 404  https://jsonplaceholder.typicode.com/users/0  (127 ms)
2026-09-01 01:24:22 [WARNING] utils.api_client:    Response body: {}
2026-09-01 01:24:22 [INFO] api.test_validation: VAL-008 PASSED — /users/0 returned 404.
2026-09-01 01:24:22 [INFO] utils.api_client: → GET  https://jsonplaceholder.typicode.com/users/11
2026-09-01 01:24:22 [DEBUG] urllib3.connectionpool: https://jsonplaceholder.typicode.com:443 "GET /users/11 HTTP/1.1" 404 2
2026-09-01 01:24:22 [INFO] utils.api_client: ← 404  https://jsonplaceholder.typicode.com/users/11  (140 ms)
2026-09-01 01:24:22 [WARNING] utils.api_client:    Response body: {}
2026-09-01 01:24:22 [INFO] api.test_validation: VAL-008 PASSED — /users/11 returned 404.
2026-09-01 01:24:22 [INFO] utils.api_client: → GET  https://jsonplaceholder.typicode.com/users/1
2026-09-01 01:24:22 [DEBUG] urllib3.connectionpool: https://jsonplaceholder.typicode.com:443 "GET /users/1 HTTP/1.1" 200 None
2026-09-01 01:24:22 [INFO] utils.api_client: ← 200  https://jsonplaceholder.typicode.com/users/1  (131 ms)
2026-09-01 01:24:22 [INFO] api.test_validation: VAL-009 PASSED — Content-Type is application/json.
2026-09-01 01:24:22 [INFO] utils.api_client: → GET  https://jsonplaceholder.typicode.com/posts/1
2026-09-01 01:24:23 [DEBUG] urllib3.connectionpool: https://jsonplaceholder.typicode.com:443 "GET /posts/1 HTTP/1.1" 200 None
2026-09-01 01:24:23 [INFO] utils.api_client: ← 200  https://jsonplaceholder.typicode.com/posts/1  (117 ms)
2026-09-01 01:24:23 [INFO] api.test_validation: VAL-010 PASSED — post_id=1 has all required fields.
2026-09-01 01:24:23 [INFO] utils.api_client: → GET  https://jsonplaceholder.typicode.com/posts/10
2026-09-01 01:24:23 [DEBUG] urllib3.connectionpool: https://jsonplaceholder.typicode.com:443 "GET /posts/10 HTTP/1.1" 200 None
2026-09-01 01:24:23 [INFO] utils.api_client: ← 200  https://jsonplaceholder.typicode.com/posts/10  (136 ms)
2026-09-01 01:24:23 [INFO] api.test_validation: VAL-010 PASSED — post_id=10 has all required fields.
2026-09-01 01:24:23 [INFO] utils.api_client: → GET  https://jsonplaceholder.typicode.com/posts/50
2026-09-01 01:24:23 [DEBUG] urllib3.connectionpool: https://jsonplaceholder.typicode.com:443 "GET /posts/50 HTTP/1.1" 200 None
2026-09-01 01:24:23 [INFO] utils.api_client: ← 200  https://jsonplaceholder.typicode.com/posts/50  (126 ms)
2026-09-01 01:24:23 [INFO] api.test_validation: VAL-010 PASSED — post_id=50 has all required fields.
2026-09-01 01:24:23 [INFO] utils.api_client: → GET  https://jsonplaceholder.typicode.com/posts/100
2026-09-01 01:24:23 [DEBUG] urllib3.connectionpool: https://jsonplaceholder.typicode.com:443 "GET /posts/100 HTTP/1.1" 200 None
2026-09-01 01:24:23 [INFO] utils.api_client: ← 200  https://jsonplaceholder.typicode.com/posts/100  (447 ms)
2026-09-01 01:24:23 [INFO] api.test_validation: VAL-010 PASSED — post_id=100 has all required fields.
2026-09-01 01:24:23 [INFO] utils.api_client: → POST  https://jsonplaceholder.typicode.com/posts
2026-09-01 01:24:24 [DEBUG] urllib3.connectionpool: https://jsonplaceholder.typicode.com:443 "POST /posts HTTP/1.1" 201 152
2026-09-01 01:24:24 [INFO] utils.api_client: ← 201  https://jsonplaceholder.typicode.com/posts  (345 ms)
2026-09-01 01:24:24 [INFO] functional.test_functional: FUNC-001 PASSED — created post id=101.
2026-09-01 01:24:24 [INFO] utils.api_client: → GET  https://jsonplaceholder.typicode.com/posts/1
2026-09-01 01:24:24 [DEBUG] urllib3.connectionpool: https://jsonplaceholder.typicode.com:443 "GET /posts/1 HTTP/1.1" 200 None
2026-09-01 01:24:24 [INFO] utils.api_client: ← 200  https://jsonplaceholder.typicode.com/posts/1  (113 ms)
2026-09-01 01:24:24 [INFO] functional.test_functional: FUNC-002 PASSED — read post id=1.
2026-09-01 01:24:24 [INFO] utils.api_client: → PUT  https://jsonplaceholder.typicode.com/posts/1
2026-09-01 01:24:25 [DEBUG] urllib3.connectionpool: https://jsonplaceholder.typicode.com:443 "PUT /posts/1 HTTP/1.1" 200 None
2026-09-01 01:24:25 [INFO] utils.api_client: ← 200  https://jsonplaceholder.typicode.com/posts/1  (767 ms)
2026-09-01 01:24:25 [INFO] functional.test_functional: FUNC-003 PASSED — full update of post id=1.
2026-09-01 01:24:25 [INFO] utils.api_client: → PATCH  https://jsonplaceholder.typicode.com/posts/1
2026-09-01 01:24:25 [DEBUG] urllib3.connectionpool: https://jsonplaceholder.typicode.com:443 "PATCH /posts/1 HTTP/1.1" 200 None
2026-09-01 01:24:25 [INFO] utils.api_client: ← 200  https://jsonplaceholder.typicode.com/posts/1  (350 ms)
2026-09-01 01:24:25 [INFO] functional.test_functional: FUNC-004 PASSED — partial update of post id=1.
2026-09-01 01:24:25 [INFO] utils.api_client: → DELETE  https://jsonplaceholder.typicode.com/posts/1
2026-09-01 01:24:25 [DEBUG] urllib3.connectionpool: https://jsonplaceholder.typicode.com:443 "DELETE /posts/1 HTTP/1.1" 200 2
2026-09-01 01:24:25 [INFO] utils.api_client: ← 200  https://jsonplaceholder.typicode.com/posts/1  (343 ms)
2026-09-01 01:24:25 [INFO] functional.test_functional: FUNC-005 PASSED — delete post id=1.
2026-09-01 01:24:25 [INFO] utils.api_client: → POST  https://jsonplaceholder.typicode.com/comments
2026-09-01 01:24:26 [DEBUG] urllib3.connectionpool: https://jsonplaceholder.typicode.com:443 "POST /comments HTTP/1.1" 201 171
2026-09-01 01:24:26 [INFO] utils.api_client: ← 201  https://jsonplaceholder.typicode.com/comments  (345 ms)
2026-09-01 01:24:26 [INFO] functional.test_functional: FUNC-006 PASSED — created comment id=501.
2026-09-01 01:24:26 [INFO] utils.api_client: → POST  https://jsonplaceholder.typicode.com/todos
2026-09-01 01:24:26 [DEBUG] urllib3.connectionpool: https://jsonplaceholder.typicode.com:443 "POST /todos HTTP/1.1" 201 90
2026-09-01 01:24:26 [INFO] utils.api_client: ← 201  https://jsonplaceholder.typicode.com/todos  (344 ms)
2026-09-01 01:24:26 [INFO] functional.test_functional: FUNC-007 PASSED — created todo id=201.
2026-09-01 01:24:26 [INFO] utils.api_client: → GET  https://jsonplaceholder.typicode.com/users/1/todos
2026-09-01 01:24:26 [DEBUG] urllib3.connectionpool: https://jsonplaceholder.typicode.com:443 "GET /users/1/todos HTTP/1.1" 200 None
2026-09-01 01:24:26 [INFO] utils.api_client: ← 200  https://jsonplaceholder.typicode.com/users/1/todos  (115 ms)
2026-09-01 01:24:26 [INFO] functional.test_functional: FUNC-008 PASSED — 20 todos for user 1.
2026-09-01 01:24:26 [INFO] utils.api_client: → GET  https://jsonplaceholder.typicode.com/posts
2026-09-01 01:24:26 [DEBUG] urllib3.connectionpool: https://jsonplaceholder.typicode.com:443 "GET /posts?userId=1 HTTP/1.1" 200 None
2026-09-01 01:24:26 [INFO] utils.api_client: ← 200  https://jsonplaceholder.typicode.com/posts  (123 ms)
2026-09-01 01:24:26 [INFO] functional.test_functional: FUNC-009 PASSED — 10 posts for userId=1.
2026-09-01 01:24:26 [INFO] utils.api_client: → GET  https://jsonplaceholder.typicode.com/comments
2026-09-01 01:24:26 [DEBUG] urllib3.connectionpool: https://jsonplaceholder.typicode.com:443 "GET /comments?postId=1 HTTP/1.1" 200 None
2026-09-01 01:24:26 [INFO] utils.api_client: ← 200  https://jsonplaceholder.typicode.com/comments  (125 ms)
2026-09-01 01:24:26 [INFO] functional.test_functional: FUNC-010 PASSED — 5 comments for postId=1.
2026-09-01 01:24:26 [INFO] utils.api_client: → POST  https://jsonplaceholder.typicode.com/posts
2026-09-01 01:24:27 [DEBUG] urllib3.connectionpool: https://jsonplaceholder.typicode.com:443 "POST /posts HTTP/1.1" 201 116
2026-09-01 01:24:27 [INFO] utils.api_client: ← 201  https://jsonplaceholder.typicode.com/posts  (343 ms)
2026-09-01 01:24:27 [INFO] security.test_input_validation: SEC-IV-001 PASSED — XSS in title returned 201.
2026-09-01 01:24:27 [INFO] utils.api_client: → POST  https://jsonplaceholder.typicode.com/posts
2026-09-01 01:24:27 [DEBUG] urllib3.connectionpool: https://jsonplaceholder.typicode.com:443 "POST /posts HTTP/1.1" 201 95
2026-09-01 01:24:27 [INFO] utils.api_client: ← 201  https://jsonplaceholder.typicode.com/posts  (345 ms)
2026-09-01 01:24:27 [INFO] security.test_input_validation: SEC-IV-002 PASSED — SQL injection in body returned 201.
2026-09-01 01:24:27 [INFO] utils.api_client: → GET  https://jsonplaceholder.typicode.com/posts/%3Cscript%3Ealert(1)%3C/script%3E
2026-09-01 01:24:27 [DEBUG] urllib3.connectionpool: https://jsonplaceholder.typicode.com:443 "GET /posts/%3Cscript%3Ealert(1)%3C/script%3E HTTP/1.1" 404 2
2026-09-01 01:24:27 [INFO] utils.api_client: ← 404  https://jsonplaceholder.typicode.com/posts/%3Cscript%3Ealert(1)%3C/script%3E  (117 ms)
2026-09-01 01:24:27 [WARNING] utils.api_client:    Response body: {}
2026-09-01 01:24:27 [INFO] security.test_input_validation: SEC-IV-003 PASSED — XSS URL path returned 404.
2026-09-01 01:24:27 [INFO] utils.api_client: → POST  https://jsonplaceholder.typicode.com/posts
2026-09-01 01:24:28 [DEBUG] urllib3.connectionpool: https://jsonplaceholder.typicode.com:443 "POST /posts HTTP/1.1" 201 None
2026-09-01 01:24:28 [INFO] utils.api_client: ← 201  https://jsonplaceholder.typicode.com/posts  (897 ms)
2026-09-01 01:24:28 [INFO] security.test_input_validation: SEC-IV-004 PASSED — oversized input returned 201.
2026-09-01 01:24:28 [INFO] utils.api_client: → POST  https://jsonplaceholder.typicode.com/posts
2026-09-01 01:24:28 [DEBUG] urllib3.connectionpool: https://jsonplaceholder.typicode.com:443 "POST /posts HTTP/1.1" 201 100
2026-09-01 01:24:28 [INFO] utils.api_client: ← 201  https://jsonplaceholder.typicode.com/posts  (347 ms)
2026-09-01 01:24:28 [INFO] security.test_input_validation: SEC-IV-005 PASSED — null-byte payload returned 201.
2026-09-01 01:24:28 [INFO] utils.api_client: → GET  https://jsonplaceholder.typicode.com/posts
2026-09-01 01:24:28 [DEBUG] urllib3.connectionpool: https://jsonplaceholder.typicode.com:443 "GET /posts?userId=%21%40%23%24%25%5E%26%2A%28%29_%2B HTTP/1.1" 200 2
2026-09-01 01:24:28 [INFO] utils.api_client: ← 200  https://jsonplaceholder.typicode.com/posts  (116 ms)
2026-09-01 01:24:28 [INFO] security.test_input_validation: SEC-IV-006 PASSED — special chars in query returned 200.
2026-09-01 01:24:28 [INFO] utils.api_client: → GET  https://jsonplaceholder.typicode.com/posts/../../etc/passwd
2026-09-01 01:24:29 [DEBUG] urllib3.connectionpool: https://jsonplaceholder.typicode.com:443 "GET /etc/passwd HTTP/1.1" 404 2
2026-09-01 01:24:29 [INFO] utils.api_client: ← 404  https://jsonplaceholder.typicode.com/posts/../../etc/passwd  (118 ms)
2026-09-01 01:24:29 [WARNING] utils.api_client:    Response body: {}
2026-09-01 01:24:29 [INFO] security.test_input_validation: SEC-IV-007 PASSED — path traversal returned 404.
2026-09-01 01:24:29 [INFO] utils.api_client: → POST  https://jsonplaceholder.typicode.com/posts
2026-09-01 01:24:29 [DEBUG] urllib3.connectionpool: https://jsonplaceholder.typicode.com:443 "POST /posts HTTP/1.1" 201 96
2026-09-01 01:24:29 [INFO] utils.api_client: ← 201  https://jsonplaceholder.typicode.com/posts  (347 ms)
2026-09-01 01:24:29 [INFO] security.test_input_validation: SEC-IV-008 PASSED — XSS payload returned 201.
2026-09-01 01:24:29 [INFO] utils.api_client: → POST  https://jsonplaceholder.typicode.com/posts
2026-09-01 01:24:29 [DEBUG] urllib3.connectionpool: https://jsonplaceholder.typicode.com:443 "POST /posts HTTP/1.1" 201 95
2026-09-01 01:24:29 [INFO] utils.api_client: ← 201  https://jsonplaceholder.typicode.com/posts  (342 ms)
2026-09-01 01:24:29 [INFO] security.test_input_validation: SEC-IV-008 PASSED — XSS payload returned 201.
2026-09-01 01:24:29 [INFO] utils.api_client: → POST  https://jsonplaceholder.typicode.com/posts
2026-09-01 01:24:30 [DEBUG] urllib3.connectionpool: https://jsonplaceholder.typicode.com:443 "POST /posts HTTP/1.1" 201 95
2026-09-01 01:24:30 [INFO] utils.api_client: ← 201  https://jsonplaceholder.typicode.com/posts  (341 ms)
2026-09-01 01:24:30 [INFO] security.test_input_validation: SEC-IV-008 PASSED — XSS payload returned 201.
2026-09-01 01:24:30 [INFO] utils.api_client: → POST  https://jsonplaceholder.typicode.com/posts
2026-09-01 01:24:30 [DEBUG] urllib3.connectionpool: https://jsonplaceholder.typicode.com:443 "POST /posts HTTP/1.1" 201 100
2026-09-01 01:24:30 [INFO] utils.api_client: ← 201  https://jsonplaceholder.typicode.com/posts  (342 ms)
2026-09-01 01:24:30 [INFO] security.test_input_validation: SEC-IV-008 PASSED — XSS payload returned 201.
2026-09-01 01:24:30 [INFO] utils.api_client: → POST  https://jsonplaceholder.typicode.com/posts
2026-09-01 01:24:30 [DEBUG] urllib3.connectionpool: https://jsonplaceholder.typicode.com:443 "POST /posts HTTP/1.1" 201 78
2026-09-01 01:24:30 [INFO] utils.api_client: ← 201  https://jsonplaceholder.typicode.com/posts  (341 ms)
2026-09-01 01:24:30 [INFO] security.test_input_validation: SEC-IV-009 PASSED — SQL injection payload returned 201.
2026-09-01 01:24:30 [INFO] utils.api_client: → POST  https://jsonplaceholder.typicode.com/posts
2026-09-01 01:24:31 [DEBUG] urllib3.connectionpool: https://jsonplaceholder.typicode.com:443 "POST /posts HTTP/1.1" 201 90
2026-09-01 01:24:31 [INFO] utils.api_client: ← 201  https://jsonplaceholder.typicode.com/posts  (342 ms)
2026-09-01 01:24:31 [INFO] security.test_input_validation: SEC-IV-009 PASSED — SQL injection payload returned 201.
2026-09-01 01:24:31 [INFO] utils.api_client: → POST  https://jsonplaceholder.typicode.com/posts
2026-09-01 01:24:31 [DEBUG] urllib3.connectionpool: https://jsonplaceholder.typicode.com:443 "POST /posts HTTP/1.1" 201 85
2026-09-01 01:24:31 [INFO] utils.api_client: ← 201  https://jsonplaceholder.typicode.com/posts  (344 ms)
2026-09-01 01:24:31 [INFO] security.test_input_validation: SEC-IV-009 PASSED — SQL injection payload returned 201.
2026-09-01 01:24:31 [INFO] utils.api_client: → POST  https://jsonplaceholder.typicode.com/posts
2026-09-01 01:24:31 [DEBUG] urllib3.connectionpool: https://jsonplaceholder.typicode.com:443 "POST /posts HTTP/1.1" 201 75
2026-09-01 01:24:31 [INFO] utils.api_client: ← 201  https://jsonplaceholder.typicode.com/posts  (353 ms)
2026-09-01 01:24:31 [INFO] security.test_input_validation: SEC-IV-009 PASSED — SQL injection payload returned 201.
2026-09-01 01:24:31 [INFO] utils.api_client: → POST  https://jsonplaceholder.typicode.com/posts
2026-09-01 01:24:32 [DEBUG] urllib3.connectionpool: https://jsonplaceholder.typicode.com:443 "POST /posts HTTP/1.1" 201 59
2026-09-01 01:24:32 [INFO] utils.api_client: ← 201  https://jsonplaceholder.typicode.com/posts  (343 ms)
2026-09-01 01:24:32 [INFO] security.test_input_validation: SEC-IV-010 PASSED — empty string values returned 201.
2026-09-01 01:24:32 [INFO] utils.api_client: → GET  https://jsonplaceholder.typicode.com/users/1
2026-09-01 01:24:32 [DEBUG] urllib3.connectionpool: https://jsonplaceholder.typicode.com:443 "GET /users/1?__injection__=value&extra=param HTTP/1.1" 200 None
2026-09-01 01:24:32 [INFO] utils.api_client: ← 200  https://jsonplaceholder.typicode.com/users/1  (115 ms)
2026-09-01 01:24:32 [INFO] security.test_parameter_handling: SEC-PH-001 PASSED — extra query params returned 200.
2026-09-01 01:24:32 [INFO] utils.api_client: → GET  https://jsonplaceholder.typicode.com/users/true
2026-09-01 01:24:32 [DEBUG] urllib3.connectionpool: https://jsonplaceholder.typicode.com:443 "GET /users/true HTTP/1.1" 404 2
2026-09-01 01:24:32 [INFO] utils.api_client: ← 404  https://jsonplaceholder.typicode.com/users/true  (116 ms)
2026-09-01 01:24:32 [WARNING] utils.api_client:    Response body: {}
2026-09-01 01:24:32 [INFO] security.test_parameter_handling: SEC-PH-002 PASSED — /users/true returned 404.
2026-09-01 01:24:32 [INFO] utils.api_client: → GET  https://jsonplaceholder.typicode.com/users/1.5
2026-09-01 01:24:32 [DEBUG] urllib3.connectionpool: https://jsonplaceholder.typicode.com:443 "GET /users/1.5 HTTP/1.1" 404 2
2026-09-01 01:24:32 [INFO] utils.api_client: ← 404  https://jsonplaceholder.typicode.com/users/1.5  (114 ms)
2026-09-01 01:24:32 [WARNING] utils.api_client:    Response body: {}
2026-09-01 01:24:32 [INFO] security.test_parameter_handling: SEC-PH-003 PASSED — /users/1.5 returned 404.
2026-09-01 01:24:32 [INFO] utils.api_client: → GET  https://jsonplaceholder.typicode.com/users/99999999999999999999
2026-09-01 01:24:32 [DEBUG] urllib3.connectionpool: https://jsonplaceholder.typicode.com:443 "GET /users/99999999999999999999 HTTP/1.1" 404 2
2026-09-01 01:24:32 [INFO] utils.api_client: ← 404  https://jsonplaceholder.typicode.com/users/99999999999999999999  (116 ms)
2026-09-01 01:24:32 [WARNING] utils.api_client:    Response body: {}
2026-09-01 01:24:32 [INFO] security.test_parameter_handling: SEC-PH-004 PASSED — very large ID returned 404.
2026-09-01 01:24:32 [INFO] utils.api_client: → GET  https://jsonplaceholder.typicode.com/posts
2026-09-01 01:24:32 [DEBUG] urllib3.connectionpool: https://jsonplaceholder.typicode.com:443 "GET /posts?userId=%5B1%2C2%2C3%5D HTTP/1.1" 200 2
2026-09-01 01:24:32 [INFO] utils.api_client: ← 200  https://jsonplaceholder.typicode.com/posts  (114 ms)
2026-09-01 01:24:32 [INFO] security.test_parameter_handling: SEC-PH-005 PASSED — array-like query param returned 200.
2026-09-01 01:24:32 [INFO] utils.api_client: → GET  https://jsonplaceholder.typicode.com/posts
2026-09-01 01:24:32 [DEBUG] urllib3.connectionpool: https://jsonplaceholder.typicode.com:443 "GET /posts?title=%E3%83%86%E3%82%B9%E3%83%88+%E6%B5%8B%E8%AF%95+%D1%82%D0%B5%D1%81%D1%82 HTTP/1.1" 200 2
2026-09-01 01:24:32 [INFO] utils.api_client: ← 200  https://jsonplaceholder.typicode.com/posts  (115 ms)
2026-09-01 01:24:32 [INFO] security.test_parameter_handling: SEC-PH-006 PASSED — Unicode query param returned 200.
2026-09-01 01:24:32 [INFO] utils.api_client: → GET  https://jsonplaceholder.typicode.com/posts/%2F%3B%27
2026-09-01 01:24:33 [DEBUG] urllib3.connectionpool: https://jsonplaceholder.typicode.com:443 "GET /posts/%2F%3B%27 HTTP/1.1" 404 2
2026-09-01 01:24:33 [INFO] utils.api_client: ← 404  https://jsonplaceholder.typicode.com/posts/%2F%3B%27  (114 ms)
2026-09-01 01:24:33 [WARNING] utils.api_client:    Response body: {}
2026-09-01 01:24:33 [INFO] security.test_parameter_handling: SEC-PH-007 PASSED — hex-encoded path returned 404.
2026-09-01 01:24:33 [INFO] utils.api_client: → GET  https://jsonplaceholder.typicode.com/posts
2026-09-01 01:24:33 [DEBUG] urllib3.connectionpool: https://jsonplaceholder.typicode.com:443 "GET /posts?userId=true HTTP/1.1" 200 2
2026-09-01 01:24:33 [INFO] utils.api_client: ← 200  https://jsonplaceholder.typicode.com/posts  (114 ms)
2026-09-01 01:24:33 [INFO] security.test_parameter_handling: SEC-PH-008 PASSED — userId='true' returned 200.
2026-09-01 01:24:33 [INFO] utils.api_client: → GET  https://jsonplaceholder.typicode.com/posts
2026-09-01 01:24:33 [DEBUG] urllib3.connectionpool: https://jsonplaceholder.typicode.com:443 "GET /posts?userId=null HTTP/1.1" 200 2
2026-09-01 01:24:33 [INFO] utils.api_client: ← 200  https://jsonplaceholder.typicode.com/posts  (118 ms)
2026-09-01 01:24:33 [INFO] security.test_parameter_handling: SEC-PH-008 PASSED — userId='null' returned 200.
2026-09-01 01:24:33 [INFO] utils.api_client: → GET  https://jsonplaceholder.typicode.com/posts
2026-09-01 01:24:33 [DEBUG] urllib3.connectionpool: https://jsonplaceholder.typicode.com:443 "GET /posts?userId=undefined HTTP/1.1" 200 2
2026-09-01 01:24:33 [INFO] utils.api_client: ← 200  https://jsonplaceholder.typicode.com/posts  (116 ms)
2026-09-01 01:24:33 [INFO] security.test_parameter_handling: SEC-PH-008 PASSED — userId='undefined' returned 200.
2026-09-01 01:24:33 [INFO] utils.api_client: → GET  https://jsonplaceholder.typicode.com/posts
2026-09-01 01:24:33 [DEBUG] urllib3.connectionpool: https://jsonplaceholder.typicode.com:443 "GET /posts?userId=NaN HTTP/1.1" 200 2
2026-09-01 01:24:33 [INFO] utils.api_client: ← 200  https://jsonplaceholder.typicode.com/posts  (123 ms)
2026-09-01 01:24:33 [INFO] security.test_parameter_handling: SEC-PH-008 PASSED — userId='NaN' returned 200.
2026-09-01 01:24:33 [INFO] utils.api_client: → GET  https://jsonplaceholder.typicode.com/posts
2026-09-01 01:24:33 [DEBUG] urllib3.connectionpool: https://jsonplaceholder.typicode.com:443 "GET /posts?userId=%5B%5D HTTP/1.1" 200 2
2026-09-01 01:24:33 [INFO] utils.api_client: ← 200  https://jsonplaceholder.typicode.com/posts  (115 ms)
2026-09-01 01:24:33 [INFO] security.test_parameter_handling: SEC-PH-008 PASSED — userId='[]' returned 200.
2026-09-01 01:24:33 [INFO] utils.api_client: → GET  https://jsonplaceholder.typicode.com/posts
2026-09-01 01:24:33 [DEBUG] urllib3.connectionpool: https://jsonplaceholder.typicode.com:443 "GET /posts?userId=%7B%7D HTTP/1.1" 200 2
2026-09-01 01:24:33 [INFO] utils.api_client: ← 200  https://jsonplaceholder.typicode.com/posts  (115 ms)
2026-09-01 01:24:33 [INFO] security.test_parameter_handling: SEC-PH-008 PASSED — userId='{}' returned 200.
2026-09-01 01:24:33 [INFO] utils.api_client: → GET  https://jsonplaceholder.typicode.com/posts
2026-09-01 01:24:33 [DEBUG] urllib3.connectionpool: https://jsonplaceholder.typicode.com:443 "GET /posts?userId=%27%27 HTTP/1.1" 200 2
2026-09-01 01:24:33 [INFO] utils.api_client: ← 200  https://jsonplaceholder.typicode.com/posts  (114 ms)
2026-09-01 01:24:33 [INFO] security.test_parameter_handling: SEC-PH-008 PASSED — userId='''' returned 200.
2026-09-01 01:24:33 [INFO] utils.api_client: → GET  https://jsonplaceholder.typicode.com/users/1
2026-09-01 01:24:33 [DEBUG] urllib3.connectionpool: https://jsonplaceholder.typicode.com:443 "GET /users/1 HTTP/1.1" 200 None
2026-09-01 01:24:33 [INFO] utils.api_client: ← 200  https://jsonplaceholder.typicode.com/users/1  (119 ms)
2026-09-01 01:24:33 [INFO] security.test_security_headers: SEC-HD-001 PASSED — Content-Type: application/json; charset=utf-8
2026-09-01 01:24:33 [INFO] utils.api_client: → GET  https://jsonplaceholder.typicode.com/users/1
2026-09-01 01:24:34 [DEBUG] urllib3.connectionpool: https://jsonplaceholder.typicode.com:443 "GET /users/1 HTTP/1.1" 200 None
2026-09-01 01:24:34 [INFO] utils.api_client: ← 200  https://jsonplaceholder.typicode.com/users/1  (113 ms)
2026-09-01 01:24:34 [INFO] security.test_security_headers: SEC-HD-002 PASSED — X-Content-Type-Options: nosniff
2026-09-01 01:24:34 [INFO] utils.api_client: → GET  https://jsonplaceholder.typicode.com/users/1
2026-09-01 01:24:34 [DEBUG] urllib3.connectionpool: https://jsonplaceholder.typicode.com:443 "GET /users/1 HTTP/1.1" 200 None
2026-09-01 01:24:34 [INFO] utils.api_client: ← 200  https://jsonplaceholder.typicode.com/users/1  (113 ms)
2026-09-01 01:24:34 [WARNING] security.test_security_headers: SEC-HD-003 ADVISORY — X-Frame-Options is not set. Recommended values: DENY or SAMEORIGIN.
2026-09-01 01:24:34 [INFO] utils.api_client: → GET  https://jsonplaceholder.typicode.com/users/1
2026-09-01 01:24:34 [DEBUG] urllib3.connectionpool: https://jsonplaceholder.typicode.com:443 "GET /users/1 HTTP/1.1" 200 None
2026-09-01 01:24:34 [INFO] utils.api_client: ← 200  https://jsonplaceholder.typicode.com/users/1  (113 ms)
2026-09-01 01:24:34 [INFO] security.test_security_headers: SEC-HD-004 PASSED — Content-Type is application/json.
2026-09-01 01:24:34 [INFO] utils.api_client: → GET  https://jsonplaceholder.typicode.com/users/1
2026-09-01 01:24:34 [DEBUG] urllib3.connectionpool: https://jsonplaceholder.typicode.com:443 "GET /users/1 HTTP/1.1" 200 None
2026-09-01 01:24:34 [INFO] utils.api_client: ← 200  https://jsonplaceholder.typicode.com/users/1  (117 ms)
2026-09-01 01:24:34 [INFO] security.test_security_headers: SEC-HD-005 PASSED — Server header: 'cloudflare'
2026-09-01 01:24:34 [INFO] utils.api_client: → GET  https://jsonplaceholder.typicode.com/users/1
2026-09-01 01:24:34 [DEBUG] urllib3.connectionpool: https://jsonplaceholder.typicode.com:443 "GET /users/1 HTTP/1.1" 200 None
2026-09-01 01:24:34 [INFO] utils.api_client: ← 200  https://jsonplaceholder.typicode.com/users/1  (116 ms)
2026-09-01 01:24:34 [INFO] security.test_security_headers: SEC-HD-006 INFO — Cache-Control: max-age=43200
2026-09-01 01:24:34 [INFO] utils.api_client: → GET  https://jsonplaceholder.typicode.com/users
2026-09-01 01:24:34 [DEBUG] urllib3.connectionpool: https://jsonplaceholder.typicode.com:443 "GET /users HTTP/1.1" 200 1847
2026-09-01 01:24:34 [INFO] utils.api_client: ← 200  https://jsonplaceholder.typicode.com/users  (114 ms)
2026-09-01 01:24:34 [INFO] security.test_security_headers: SEC-HD-007 PASSED — /users Content-Type: application/json; charset=utf-8
2026-09-01 01:24:34 [INFO] utils.api_client: → GET  https://jsonplaceholder.typicode.com/posts
2026-09-01 01:24:34 [DEBUG] urllib3.connectionpool: https://jsonplaceholder.typicode.com:443 "GET /posts HTTP/1.1" 200 None
2026-09-01 01:24:34 [INFO] utils.api_client: ← 200  https://jsonplaceholder.typicode.com/posts  (124 ms)
2026-09-01 01:24:34 [INFO] security.test_security_headers: SEC-HD-007 PASSED — /posts Content-Type: application/json; charset=utf-8
2026-09-01 01:24:34 [INFO] utils.api_client: → GET  https://jsonplaceholder.typicode.com/comments
2026-09-01 01:24:34 [DEBUG] urllib3.connectionpool: https://jsonplaceholder.typicode.com:443 "GET /comments HTTP/1.1" 200 None
2026-09-01 01:24:34 [INFO] utils.api_client: ← 200  https://jsonplaceholder.typicode.com/comments  (136 ms)
2026-09-01 01:24:34 [INFO] security.test_security_headers: SEC-HD-007 PASSED — /comments Content-Type: application/json; charset=utf-8
2026-09-01 01:24:34 [INFO] utils.api_client: → GET  https://jsonplaceholder.typicode.com/todos
2026-09-01 01:24:35 [DEBUG] urllib3.connectionpool: https://jsonplaceholder.typicode.com:443 "GET /todos HTTP/1.1" 200 4005
2026-09-01 01:24:35 [INFO] utils.api_client: ← 200  https://jsonplaceholder.typicode.com/todos  (113 ms)
2026-09-01 01:24:35 [INFO] security.test_security_headers: SEC-HD-007 PASSED — /todos Content-Type: application/json; charset=utf-8
2026-09-01 01:24:35 [INFO] utils.api_client: → GET  https://jsonplaceholder.typicode.com/users
2026-09-01 01:24:35 [DEBUG] urllib3.connectionpool: https://jsonplaceholder.typicode.com:443 "GET /users HTTP/1.1" 200 1847
2026-09-01 01:24:35 [INFO] utils.api_client: ← 200  https://jsonplaceholder.typicode.com/users  (119 ms)
2026-09-01 01:24:35 [INFO] regression.test_regression_suite: Regression PASSED — /users returned 200.
2026-09-01 01:24:35 [INFO] utils.api_client: → GET  https://jsonplaceholder.typicode.com/posts
2026-09-01 01:24:35 [DEBUG] urllib3.connectionpool: https://jsonplaceholder.typicode.com:443 "GET /posts HTTP/1.1" 200 None
2026-09-01 01:24:35 [INFO] utils.api_client: ← 200  https://jsonplaceholder.typicode.com/posts  (116 ms)
2026-09-01 01:24:35 [INFO] regression.test_regression_suite: Regression PASSED — /posts returned 200.
2026-09-01 01:24:35 [INFO] utils.api_client: → GET  https://jsonplaceholder.typicode.com/comments
2026-09-01 01:24:35 [DEBUG] urllib3.connectionpool: https://jsonplaceholder.typicode.com:443 "GET /comments HTTP/1.1" 200 None
2026-09-01 01:24:35 [INFO] utils.api_client: ← 200  https://jsonplaceholder.typicode.com/comments  (131 ms)
2026-09-01 01:24:35 [INFO] regression.test_regression_suite: Regression PASSED — /comments returned 200.
2026-09-01 01:24:35 [INFO] utils.api_client: → GET  https://jsonplaceholder.typicode.com/todos
2026-09-01 01:24:35 [DEBUG] urllib3.connectionpool: https://jsonplaceholder.typicode.com:443 "GET /todos HTTP/1.1" 200 4005
2026-09-01 01:24:35 [INFO] utils.api_client: ← 200  https://jsonplaceholder.typicode.com/todos  (113 ms)
2026-09-01 01:24:35 [INFO] regression.test_regression_suite: Regression PASSED — /todos returned 200.
2026-09-01 01:24:35 [INFO] utils.api_client: → GET  https://jsonplaceholder.typicode.com/albums
2026-09-01 01:24:35 [DEBUG] urllib3.connectionpool: https://jsonplaceholder.typicode.com:443 "GET /albums HTTP/1.1" 200 2051
2026-09-01 01:24:35 [INFO] utils.api_client: ← 200  https://jsonplaceholder.typicode.com/albums  (115 ms)
2026-09-01 01:24:35 [INFO] regression.test_regression_suite: Regression PASSED — /albums returned 200.
2026-09-01 01:24:35 [INFO] utils.api_client: → GET  https://jsonplaceholder.typicode.com/photos
2026-09-01 01:24:35 [DEBUG] urllib3.connectionpool: https://jsonplaceholder.typicode.com:443 "GET /photos HTTP/1.1" 200 None
2026-09-01 01:24:35 [INFO] utils.api_client: ← 200  https://jsonplaceholder.typicode.com/photos  (228 ms)
2026-09-01 01:24:35 [INFO] regression.test_regression_suite: Regression PASSED — /photos returned 200.
2026-09-01 01:24:35 [INFO] utils.api_client: → GET  https://jsonplaceholder.typicode.com/users
2026-09-01 01:24:35 [DEBUG] urllib3.connectionpool: https://jsonplaceholder.typicode.com:443 "GET /users HTTP/1.1" 200 1847
2026-09-01 01:24:35 [INFO] utils.api_client: ← 200  https://jsonplaceholder.typicode.com/users  (114 ms)
2026-09-01 01:24:35 [INFO] regression.test_regression_suite: REG-007 PASSED — user count = 10.
2026-09-01 01:24:35 [INFO] utils.api_client: → GET  https://jsonplaceholder.typicode.com/posts
2026-09-01 01:24:36 [DEBUG] urllib3.connectionpool: https://jsonplaceholder.typicode.com:443 "GET /posts HTTP/1.1" 200 None
2026-09-01 01:24:36 [INFO] utils.api_client: ← 200  https://jsonplaceholder.typicode.com/posts  (116 ms)
2026-09-01 01:24:36 [INFO] regression.test_regression_suite: REG-008 PASSED — post count = 100.
2026-09-01 01:24:36 [INFO] utils.api_client: → GET  https://jsonplaceholder.typicode.com/todos
2026-09-01 01:24:36 [DEBUG] urllib3.connectionpool: https://jsonplaceholder.typicode.com:443 "GET /todos HTTP/1.1" 200 4005
2026-09-01 01:24:36 [INFO] utils.api_client: ← 200  https://jsonplaceholder.typicode.com/todos  (112 ms)
2026-09-01 01:24:36 [INFO] regression.test_regression_suite: REG-009 PASSED — todo count = 200.
2026-09-01 01:24:36 [INFO] utils.api_client: → GET  https://jsonplaceholder.typicode.com/users/1
2026-09-01 01:24:36 [DEBUG] urllib3.connectionpool: https://jsonplaceholder.typicode.com:443 "GET /users/1 HTTP/1.1" 200 None
2026-09-01 01:24:36 [INFO] utils.api_client: ← 200  https://jsonplaceholder.typicode.com/users/1  (118 ms)
2026-09-01 01:24:36 [INFO] regression.test_regression_suite: REG-010 PASSED — user API contract is intact.
2026-09-01 01:24:36 [INFO] utils.api_client: → GET  https://jsonplaceholder.typicode.com/posts/1
2026-09-01 01:24:36 [DEBUG] urllib3.connectionpool: https://jsonplaceholder.typicode.com:443 "GET /posts/1 HTTP/1.1" 200 None
2026-09-01 01:24:36 [INFO] utils.api_client: ← 200  https://jsonplaceholder.typicode.com/posts/1  (113 ms)
2026-09-01 01:24:36 [INFO] regression.test_regression_suite: REG-011 PASSED — post API contract is intact.
2026-09-01 01:24:36 [INFO] utils.api_client: → GET  https://jsonplaceholder.typicode.com/users/999999
2026-09-01 01:24:36 [DEBUG] urllib3.connectionpool: https://jsonplaceholder.typicode.com:443 "GET /users/999999 HTTP/1.1" 404 2
2026-09-01 01:24:36 [INFO] utils.api_client: ← 404  https://jsonplaceholder.typicode.com/users/999999  (115 ms)
2026-09-01 01:24:36 [WARNING] utils.api_client:    Response body: {}
2026-09-01 01:24:36 [INFO] regression.test_regression_suite: REG-012 PASSED — non-existent user still returns 404.
2026-09-01 01:24:36 [INFO] utils.api_client: → GET  https://jsonplaceholder.typicode.com/posts/999999
2026-09-01 01:24:36 [DEBUG] urllib3.connectionpool: https://jsonplaceholder.typicode.com:443 "GET /posts/999999 HTTP/1.1" 404 2
2026-09-01 01:24:36 [INFO] utils.api_client: ← 404  https://jsonplaceholder.typicode.com/posts/999999  (113 ms)
2026-09-01 01:24:36 [WARNING] utils.api_client:    Response body: {}
2026-09-01 01:24:36 [INFO] regression.test_regression_suite: REG-013 PASSED — non-existent post still returns 404.
2026-09-01 01:24:36 [INFO] utils.api_client: → GET  https://jsonplaceholder.typicode.com/users/1/posts
2026-09-01 01:24:36 [DEBUG] urllib3.connectionpool: https://jsonplaceholder.typicode.com:443 "GET /users/1/posts HTTP/1.1" 200 1002
2026-09-01 01:24:36 [INFO] utils.api_client: ← 200  https://jsonplaceholder.typicode.com/users/1/posts  (120 ms)
2026-09-01 01:24:36 [INFO] regression.test_regression_suite: REG-014 PASSED — user-to-posts relationship intact (10 posts).
2026-09-01 01:24:36 [INFO] utils.api_client: → GET  https://jsonplaceholder.typicode.com/posts/1/comments
2026-09-01 01:24:36 [DEBUG] urllib3.connectionpool: https://jsonplaceholder.typicode.com:443 "GET /posts/1/comments HTTP/1.1" 200 657
2026-09-01 01:24:36 [INFO] utils.api_client: ← 200  https://jsonplaceholder.typicode.com/posts/1/comments  (120 ms)
2026-09-01 01:24:36 [INFO] regression.test_regression_suite: REG-015 PASSED — post-to-comments relationship intact (5 comments).
2026-09-01 01:24:36 [INFO] conftest: APIClient session closed.
